

================================================================
== Vitis HLS Report for 'AXIvideo2MultiPixStream'
================================================================
* Date:           Mon Apr 27 12:26:54 2026

* Version:        2024.2 (Build 5238294 on Nov  8 2024)
* Project:        prj
* Solution:       sol (Vivado IP Flow Target)
* Product family: zynquplus
* Target device:  xck26-sfvc784-2LV-c


================================================================
== Performance Estimates
================================================================
+ Timing: 
    * Summary: 
    +--------+---------+----------+------------+
    |  Clock |  Target | Estimated| Uncertainty|
    +--------+---------+----------+------------+
    |ap_clk  |  6.67 ns|  2.034 ns|     1.80 ns|
    +--------+---------+----------+------------+

+ Latency: 
    * Summary: 
    +---------+---------+-----------+-----------+-----+---------+---------+
    |  Latency (cycles) |   Latency (absolute)  |    Interval   | Pipeline|
    |   min   |   max   |    min    |    max    | min |   max   |   Type  |
    +---------+---------+-----------+-----------+-----+---------+---------+
    |        2|  4168806|  13.334 ns|  27.793 ms|    2|  4168806|       no|
    +---------+---------+-----------+-----------+-----+---------+---------+

    + Detail: 
        * Instance: 
        +-----------------------------------------------------------------+------------------------------------------------------+---------+---------+-----------+-----------+-----+------+------------------------------------------------+
        |                                                                 |                                                      |  Latency (cycles) |   Latency (absolute)  |  Interval  |                    Pipeline                    |
        |                             Instance                            |                        Module                        |   min   |   max   |    min    |    max    | min |  max |                      Type                      |
        +-----------------------------------------------------------------+------------------------------------------------------+---------+---------+-----------+-----------+-----+------+------------------------------------------------+
        |grp_AXIvideo2MultiPixStream_Pipeline_loop_wait_for_start_fu_186  |AXIvideo2MultiPixStream_Pipeline_loop_wait_for_start  |        2|        2|  13.334 ns|  13.334 ns|    1|     1|  loop auto-rewind stp (delay=0 clock cycles(s))|
        |grp_AXIvideo2MultiPixStream_Pipeline_loop_width_fu_206           |AXIvideo2MultiPixStream_Pipeline_loop_width           |        3|     1923|  20.001 ns|  12.821 us|    1|  1921|  loop auto-rewind stp (delay=0 clock cycles(s))|
        |grp_AXIvideo2MultiPixStream_Pipeline_loop_wait_for_eol_fu_234    |AXIvideo2MultiPixStream_Pipeline_loop_wait_for_eol    |        2|        2|  13.334 ns|  13.334 ns|    1|     1|  loop auto-rewind stp (delay=0 clock cycles(s))|
        |grp_reg_unsigned_short_s_fu_265                                  |reg_unsigned_short_s                                  |        1|        1|   6.667 ns|   6.667 ns|    1|     1|                                             yes|
        |grp_reg_unsigned_short_s_fu_271                                  |reg_unsigned_short_s                                  |        1|        1|   6.667 ns|   6.667 ns|    1|     1|                                             yes|
        +-----------------------------------------------------------------+------------------------------------------------------+---------+---------+-----------+-----------+-----+------+------------------------------------------------+

        * Loop: 
        +---------------+---------+---------+-----------+-----------+-----------+----------+----------+
        |               |  Latency (cycles) | Iteration |  Initiation Interval  |   Trip   |          |
        |   Loop Name   |   min   |   max   |  Latency  |  achieved |   target  |   Count  | Pipelined|
        +---------------+---------+---------+-----------+-----------+-----------+----------+----------+
        |- loop_height  |        0|  4168800|  10 ~ 1930|          -|          -|  0 ~ 2160|        no|
        +---------------+---------+---------+-----------+-----------+-----------+----------+----------+



================================================================
== Utilization Estimates
================================================================
* Summary: 
+-----------------+---------+------+--------+--------+-----+
|       Name      | BRAM_18K|  DSP |   FF   |   LUT  | URAM|
+-----------------+---------+------+--------+--------+-----+
|DSP              |        -|     -|       -|       -|    -|
|Expression       |        -|     -|       0|      64|    -|
|FIFO             |        -|     -|       -|       -|    -|
|Instance         |        -|     -|     105|     252|    -|
|Memory           |        -|     -|       -|       -|    -|
|Multiplexer      |        -|     -|       0|     155|    -|
|Register         |        -|     -|     105|       -|    -|
+-----------------+---------+------+--------+--------+-----+
|Total            |        0|     0|     210|     471|    0|
+-----------------+---------+------+--------+--------+-----+
|Available        |      288|  1248|  234240|  117120|   64|
+-----------------+---------+------+--------+--------+-----+
|Utilization (%)  |        0|     0|      ~0|      ~0|    0|
+-----------------+---------+------+--------+--------+-----+

+ Detail: 
    * Instance: 
    +-----------------------------------------------------------------+------------------------------------------------------+---------+----+----+-----+-----+
    |                             Instance                            |                        Module                        | BRAM_18K| DSP| FF | LUT | URAM|
    +-----------------------------------------------------------------+------------------------------------------------------+---------+----+----+-----+-----+
    |grp_AXIvideo2MultiPixStream_Pipeline_loop_wait_for_eol_fu_234    |AXIvideo2MultiPixStream_Pipeline_loop_wait_for_eol    |        0|   0|   4|   52|    0|
    |grp_AXIvideo2MultiPixStream_Pipeline_loop_wait_for_start_fu_186  |AXIvideo2MultiPixStream_Pipeline_loop_wait_for_start  |        0|   0|   4|   38|    0|
    |grp_AXIvideo2MultiPixStream_Pipeline_loop_width_fu_206           |AXIvideo2MultiPixStream_Pipeline_loop_width           |        0|   0|  69|  158|    0|
    |grp_reg_unsigned_short_s_fu_265                                  |reg_unsigned_short_s                                  |        0|   0|  14|    2|    0|
    |grp_reg_unsigned_short_s_fu_271                                  |reg_unsigned_short_s                                  |        0|   0|  14|    2|    0|
    +-----------------------------------------------------------------+------------------------------------------------------+---------+----+----+-----+-----+
    |Total                                                            |                                                      |        0|   0| 105|  252|    0|
    +-----------------------------------------------------------------+------------------------------------------------------+---------+----+----+-----+-----+

    * DSP: 
    N/A

    * Memory: 
    N/A

    * FIFO: 
    N/A

    * Expression: 
    +-------------------------+----------+----+---+----+------------+------------+
    |      Variable Name      | Operation| DSP| FF| LUT| Bitwidth P0| Bitwidth P1|
    +-------------------------+----------+----+---+----+------------+------------+
    |i_12_fu_376_p2           |         +|   0|  0|  19|          12|           1|
    |and_ln3150_fu_386_p2     |       and|   0|  0|   2|           1|           1|
    |cmp10302_i_fu_357_p2     |      icmp|   0|  0|  18|          11|           1|
    |icmp_ln3101_fu_371_p2    |      icmp|   0|  0|  19|          12|          12|
    |ap_block_state1          |        or|   0|  0|   2|           1|           1|
    |select_ln3150_fu_440_p3  |    select|   0|  0|   2|           1|           1|
    |xor_ln3150_fu_362_p2     |       xor|   0|  0|   2|           1|           2|
    +-------------------------+----------+----+---+----+------------+------------+
    |Total                    |          |   0|  0|  64|          39|          19|
    +-------------------------+----------+----+---+----+------------+------------+

    * Multiplexer: 
    +---------------------------------------+----+-----------+-----+-----------+
    |                  Name                 | LUT| Input Size| Bits| Total Bits|
    +---------------------------------------+----+-----------+-----+-----------+
    |HwReg_layerEnableFlag_4_val_c38_blk_n  |   9|          2|    1|          2|
    |HwReg_layerHeight_4_val_c70_blk_n      |   9|          2|    1|          2|
    |HwReg_layerWidth_4_val_c54_blk_n       |   9|          2|    1|          2|
    |ap_NS_fsm                              |  54|         10|    1|         10|
    |ap_done                                |   9|          2|    1|          2|
    |axi_data_fu_114                        |   9|          2|   48|         96|
    |axi_last_reg_176                       |   9|          2|    1|          2|
    |i_fu_118                               |   9|          2|   12|         24|
    |real_start                             |   9|          2|    1|          2|
    |s_axis_video4_TREADY                   |  20|          4|    1|          4|
    |sof_reg_164                            |   9|          2|    1|          2|
    +---------------------------------------+----+-----------+-----+-----------+
    |Total                                  | 155|         32|   69|        148|
    +---------------------------------------+----+-----------+-----+-----------+

    * Register: 
    +------------------------------------------------------------------------------+----+----+-----+-----------+
    |                                     Name                                     | FF | LUT| Bits| Const Bits|
    +------------------------------------------------------------------------------+----+----+-----+-----------+
    |HwReg_layerEnableFlag_4_val_read_reg_487                                      |   1|   0|    1|          0|
    |and_ln3150_reg_559                                                            |   1|   0|    1|          0|
    |ap_CS_fsm                                                                     |   9|   0|    9|          0|
    |ap_done_reg                                                                   |   1|   0|    1|          0|
    |axi_data_fu_114                                                               |  48|   0|   48|          0|
    |axi_last_40_loc_fu_98                                                         |   1|   0|    1|          0|
    |axi_last_reg_176                                                              |   1|   0|    1|          0|
    |cmp10302_i_reg_543                                                            |   1|   0|    1|          0|
    |grp_AXIvideo2MultiPixStream_Pipeline_loop_wait_for_eol_fu_234_ap_start_reg    |   1|   0|    1|          0|
    |grp_AXIvideo2MultiPixStream_Pipeline_loop_wait_for_start_fu_186_ap_start_reg  |   1|   0|    1|          0|
    |grp_AXIvideo2MultiPixStream_Pipeline_loop_width_fu_206_ap_start_reg           |   1|   0|    1|          0|
    |i_fu_118                                                                      |  12|   0|   12|          0|
    |rows_reg_515                                                                  |  12|   0|   12|          0|
    |select_ln3150_reg_570                                                         |   1|   0|    1|          0|
    |sof_reg_164                                                                   |   1|   0|    1|          0|
    |start_once_reg                                                                |   1|   0|    1|          0|
    |trunc_ln_reg_534                                                              |  11|   0|   11|          0|
    |xor_ln3150_reg_548                                                            |   1|   0|    1|          0|
    +------------------------------------------------------------------------------+----+----+-----+-----------+
    |Total                                                                         | 105|   0|  105|          0|
    +------------------------------------------------------------------------------+----+----+-----+-----------+



================================================================
== Interface
================================================================
* Summary: 
+------------------------------------------------+-----+-----+------------+---------------------------------+--------------+
|                    RTL Ports                   | Dir | Bits|  Protocol  |          Source Object          |    C Type    |
+------------------------------------------------+-----+-----+------------+---------------------------------+--------------+
|ap_clk                                          |   in|    1|  ap_ctrl_hs|          AXIvideo2MultiPixStream|  return value|
|ap_rst                                          |   in|    1|  ap_ctrl_hs|          AXIvideo2MultiPixStream|  return value|
|ap_start                                        |   in|    1|  ap_ctrl_hs|          AXIvideo2MultiPixStream|  return value|
|start_full_n                                    |   in|    1|  ap_ctrl_hs|          AXIvideo2MultiPixStream|  return value|
|ap_done                                         |  out|    1|  ap_ctrl_hs|          AXIvideo2MultiPixStream|  return value|
|ap_continue                                     |   in|    1|  ap_ctrl_hs|          AXIvideo2MultiPixStream|  return value|
|ap_idle                                         |  out|    1|  ap_ctrl_hs|          AXIvideo2MultiPixStream|  return value|
|ap_ready                                        |  out|    1|  ap_ctrl_hs|          AXIvideo2MultiPixStream|  return value|
|start_out                                       |  out|    1|  ap_ctrl_hs|          AXIvideo2MultiPixStream|  return value|
|start_write                                     |  out|    1|  ap_ctrl_hs|          AXIvideo2MultiPixStream|  return value|
|s_axis_video4_TDATA                             |   in|   48|        axis|           s_axis_video4_V_data_V|       pointer|
|s_axis_video4_TVALID                            |   in|    1|        axis|           s_axis_video4_V_dest_V|       pointer|
|s_axis_video4_TREADY                            |  out|    1|        axis|           s_axis_video4_V_dest_V|       pointer|
|s_axis_video4_TDEST                             |   in|    1|        axis|           s_axis_video4_V_dest_V|       pointer|
|s_axis_video4_TKEEP                             |   in|    6|        axis|           s_axis_video4_V_keep_V|       pointer|
|s_axis_video4_TSTRB                             |   in|    6|        axis|           s_axis_video4_V_strb_V|       pointer|
|s_axis_video4_TUSER                             |   in|    1|        axis|           s_axis_video4_V_user_V|       pointer|
|s_axis_video4_TLAST                             |   in|    1|        axis|           s_axis_video4_V_last_V|       pointer|
|s_axis_video4_TID                               |   in|    1|        axis|             s_axis_video4_V_id_V|       pointer|
|srcLayer4_din                                   |  out|   48|     ap_fifo|                        srcLayer4|       pointer|
|srcLayer4_full_n                                |   in|    1|     ap_fifo|                        srcLayer4|       pointer|
|srcLayer4_write                                 |  out|    1|     ap_fifo|                        srcLayer4|       pointer|
|srcLayer4_num_data_valid                        |   in|    3|     ap_fifo|                        srcLayer4|       pointer|
|srcLayer4_fifo_cap                              |   in|    3|     ap_fifo|                        srcLayer4|       pointer|
|HwReg_layerHeight_4_val                         |   in|   16|     ap_none|          HwReg_layerHeight_4_val|        scalar|
|HwReg_layerWidth_4_val                          |   in|   16|     ap_none|           HwReg_layerWidth_4_val|        scalar|
|HwReg_layerEnableFlag_4_val                     |   in|    1|     ap_none|      HwReg_layerEnableFlag_4_val|        scalar|
|HwReg_layerEnableFlag_4_val_c38_din             |  out|    1|     ap_fifo|  HwReg_layerEnableFlag_4_val_c38|       pointer|
|HwReg_layerEnableFlag_4_val_c38_full_n          |   in|    1|     ap_fifo|  HwReg_layerEnableFlag_4_val_c38|       pointer|
|HwReg_layerEnableFlag_4_val_c38_write           |  out|    1|     ap_fifo|  HwReg_layerEnableFlag_4_val_c38|       pointer|
|HwReg_layerEnableFlag_4_val_c38_num_data_valid  |   in|    3|     ap_fifo|  HwReg_layerEnableFlag_4_val_c38|       pointer|
|HwReg_layerEnableFlag_4_val_c38_fifo_cap        |   in|    3|     ap_fifo|  HwReg_layerEnableFlag_4_val_c38|       pointer|
|HwReg_layerWidth_4_val_c54_din                  |  out|   16|     ap_fifo|       HwReg_layerWidth_4_val_c54|       pointer|
|HwReg_layerWidth_4_val_c54_full_n               |   in|    1|     ap_fifo|       HwReg_layerWidth_4_val_c54|       pointer|
|HwReg_layerWidth_4_val_c54_write                |  out|    1|     ap_fifo|       HwReg_layerWidth_4_val_c54|       pointer|
|HwReg_layerWidth_4_val_c54_num_data_valid       |   in|    3|     ap_fifo|       HwReg_layerWidth_4_val_c54|       pointer|
|HwReg_layerWidth_4_val_c54_fifo_cap             |   in|    3|     ap_fifo|       HwReg_layerWidth_4_val_c54|       pointer|
|HwReg_layerHeight_4_val_c70_din                 |  out|   16|     ap_fifo|      HwReg_layerHeight_4_val_c70|       pointer|
|HwReg_layerHeight_4_val_c70_full_n              |   in|    1|     ap_fifo|      HwReg_layerHeight_4_val_c70|       pointer|
|HwReg_layerHeight_4_val_c70_write               |  out|    1|     ap_fifo|      HwReg_layerHeight_4_val_c70|       pointer|
|HwReg_layerHeight_4_val_c70_num_data_valid      |   in|    3|     ap_fifo|      HwReg_layerHeight_4_val_c70|       pointer|
|HwReg_layerHeight_4_val_c70_fifo_cap            |   in|    3|     ap_fifo|      HwReg_layerHeight_4_val_c70|       pointer|
+------------------------------------------------+-----+-----+------------+---------------------------------+--------------+

