

================================================================
== Vitis HLS Report for 'v_mix_422_to_444_false_12'
================================================================
* Date:           Mon Apr 27 12:26:51 2026

* Version:        2024.2 (Build 5238294 on Nov  8 2024)
* Project:        prj
* Solution:       sol (Vivado IP Flow Target)
* Product family: zynquplus
* Target device:  xck26-sfvc784-2LV-c


================================================================
== Performance Estimates
================================================================
+ Timing: 
    * Summary: 
    +--------+---------+----------+------------+
    |  Clock |  Target | Estimated| Uncertainty|
    +--------+---------+----------+------------+
    |ap_clk  |  6.67 ns|  3.676 ns|     1.80 ns|
    +--------+---------+----------+------------+

+ Latency: 
    * Summary: 
    +---------+---------+----------+-----------+-----+---------+---------+
    |  Latency (cycles) |  Latency (absolute)  |    Interval   | Pipeline|
    |   min   |   max   |    min   |    max    | min |   max   |   Type  |
    +---------+---------+----------+-----------+-----+---------+---------+
    |        1|  4155841|  6.667 ns|  27.707 ms|    1|  4155841|       no|
    +---------+---------+----------+-----------+-----+---------+---------+

    + Detail: 
        * Instance: 
        +----------------------------------------------------------------+-----------------------------------------------------+---------+---------+-----------+-----------+-----+------+------------------------------------------------+
        |                                                                |                                                     |  Latency (cycles) |   Latency (absolute)  |  Interval  |                    Pipeline                    |
        |                            Instance                            |                        Module                       |   min   |   max   |    min    |    max    | min |  max |                      Type                      |
        +----------------------------------------------------------------+-----------------------------------------------------+---------+---------+-----------+-----------+-----+------+------------------------------------------------+
        |grp_v_mix_422_to_444_false_12_Pipeline_VITIS_LOOP_105_2_fu_112  |v_mix_422_to_444_false_12_Pipeline_VITIS_LOOP_105_2  |        2|     1922|  13.334 ns|  12.814 us|    1|  1921|  loop auto-rewind stp (delay=0 clock cycles(s))|
        +----------------------------------------------------------------+-----------------------------------------------------+---------+---------+-----------+-----------+-----+------+------------------------------------------------+

        * Loop: 
        +--------------------+---------+---------+----------+-----------+-----------+----------+----------+
        |                    |  Latency (cycles) | Iteration|  Initiation Interval  |   Trip   |          |
        |      Loop Name     |   min   |   max   |  Latency |  achieved |   target  |   Count  | Pipelined|
        +--------------------+---------+---------+----------+-----------+-----------+----------+----------+
        |- VITIS_LOOP_103_1  |        0|  4155840|  4 ~ 1924|          -|          -|  0 ~ 2160|        no|
        +--------------------+---------+---------+----------+-----------+-----------+----------+----------+



================================================================
== Utilization Estimates
================================================================
* Summary: 
+-----------------+---------+------+--------+--------+-----+
|       Name      | BRAM_18K|  DSP |   FF   |   LUT  | URAM|
+-----------------+---------+------+--------+--------+-----+
|DSP              |        -|     -|       -|       -|    -|
|Expression       |        -|     -|       0|      40|    -|
|FIFO             |        -|     -|       -|       -|    -|
|Instance         |        -|     -|      14|      96|    -|
|Memory           |        -|     -|       -|       -|    -|
|Multiplexer      |        -|     -|       0|     101|    -|
|Register         |        -|     -|      42|       -|    -|
+-----------------+---------+------+--------+--------+-----+
|Total            |        0|     0|      56|     237|    0|
+-----------------+---------+------+--------+--------+-----+
|Available        |      288|  1248|  234240|  117120|   64|
+-----------------+---------+------+--------+--------+-----+
|Utilization (%)  |        0|     0|      ~0|      ~0|    0|
+-----------------+---------+------+--------+--------+-----+

+ Detail: 
    * Instance: 
    +----------------------------------------------------------------+-----------------------------------------------------+---------+----+----+----+-----+
    |                            Instance                            |                        Module                       | BRAM_18K| DSP| FF | LUT| URAM|
    +----------------------------------------------------------------+-----------------------------------------------------+---------+----+----+----+-----+
    |grp_v_mix_422_to_444_false_12_Pipeline_VITIS_LOOP_105_2_fu_112  |v_mix_422_to_444_false_12_Pipeline_VITIS_LOOP_105_2  |        0|   0|  14|  96|    0|
    +----------------------------------------------------------------+-----------------------------------------------------+---------+----+----+----+-----+
    |Total                                                           |                                                     |        0|   0|  14|  96|    0|
    +----------------------------------------------------------------+-----------------------------------------------------+---------+----+----+----+-----+

    * DSP: 
    N/A

    * Memory: 
    N/A

    * FIFO: 
    N/A

    * Expression: 
    +----------------------+----------+----+---+----+------------+------------+
    |     Variable Name    | Operation| DSP| FF| LUT| Bitwidth P0| Bitwidth P1|
    +----------------------+----------+----+---+----+------------+------------+
    |y_31_fu_148_p2        |         +|   0|  0|  19|          12|           1|
    |icmp_ln103_fu_143_p2  |      icmp|   0|  0|  19|          12|          12|
    |ap_block_state1       |        or|   0|  0|   2|           1|           1|
    +----------------------+----------+----+---+----+------------+------------+
    |Total                 |          |   0|  0|  40|          25|          14|
    +----------------------+----------+----+---+----+------------+------------+

    * Multiplexer: 
    +---------------------------------------+----+-----------+-----+-----------+
    |                  Name                 | LUT| Input Size| Bits| Total Bits|
    +---------------------------------------+----+-----------+-----+-----------+
    |HwReg_layerEnableFlag_2_val_blk_n      |   9|          2|    1|          2|
    |HwReg_layerEnableFlag_2_val_c30_blk_n  |   9|          2|    1|          2|
    |HwReg_layerHeight_2_val_blk_n          |   9|          2|    1|          2|
    |HwReg_layerHeight_2_val_c60_blk_n      |   9|          2|    1|          2|
    |HwReg_layerWidth_2_val_blk_n           |   9|          2|    1|          2|
    |HwReg_layerWidth_2_val_c44_blk_n       |   9|          2|    1|          2|
    |ap_NS_fsm                              |  20|          4|    1|          4|
    |ap_done                                |   9|          2|    1|          2|
    |real_start                             |   9|          2|    1|          2|
    |y_fu_66                                |   9|          2|   12|         24|
    +---------------------------------------+----+-----------+-----+-----------+
    |Total                                  | 101|         22|   21|         44|
    +---------------------------------------+----+-----------+-----+-----------+

    * Register: 
    +-----------------------------------------------------------------------------+----+----+-----+-----------+
    |                                     Name                                    | FF | LUT| Bits| Const Bits|
    +-----------------------------------------------------------------------------+----+----+-----+-----------+
    |ap_CS_fsm                                                                    |   3|   0|    3|          0|
    |ap_done_reg                                                                  |   1|   0|    1|          0|
    |grp_v_mix_422_to_444_false_12_Pipeline_VITIS_LOOP_105_2_fu_112_ap_start_reg  |   1|   0|    1|          0|
    |height_reg_163                                                               |  12|   0|   12|          0|
    |layerEnableFlag_reg_159                                                      |   1|   0|    1|          0|
    |start_once_reg                                                               |   1|   0|    1|          0|
    |trunc_ln_reg_175                                                             |  11|   0|   11|          0|
    |y_fu_66                                                                      |  12|   0|   12|          0|
    +-----------------------------------------------------------------------------+----+----+-----+-----------+
    |Total                                                                        |  42|   0|   42|          0|
    +-----------------------------------------------------------------------------+----+----+-----+-----------+



================================================================
== Interface
================================================================
* Summary: 
+------------------------------------------------+-----+-----+------------+---------------------------------+--------------+
|                    RTL Ports                   | Dir | Bits|  Protocol  |          Source Object          |    C Type    |
+------------------------------------------------+-----+-----+------------+---------------------------------+--------------+
|ap_clk                                          |   in|    1|  ap_ctrl_hs|       v_mix_422_to_444<false>.12|  return value|
|ap_rst                                          |   in|    1|  ap_ctrl_hs|       v_mix_422_to_444<false>.12|  return value|
|ap_start                                        |   in|    1|  ap_ctrl_hs|       v_mix_422_to_444<false>.12|  return value|
|start_full_n                                    |   in|    1|  ap_ctrl_hs|       v_mix_422_to_444<false>.12|  return value|
|ap_done                                         |  out|    1|  ap_ctrl_hs|       v_mix_422_to_444<false>.12|  return value|
|ap_continue                                     |   in|    1|  ap_ctrl_hs|       v_mix_422_to_444<false>.12|  return value|
|ap_idle                                         |  out|    1|  ap_ctrl_hs|       v_mix_422_to_444<false>.12|  return value|
|ap_ready                                        |  out|    1|  ap_ctrl_hs|       v_mix_422_to_444<false>.12|  return value|
|start_out                                       |  out|    1|  ap_ctrl_hs|       v_mix_422_to_444<false>.12|  return value|
|start_write                                     |  out|    1|  ap_ctrl_hs|       v_mix_422_to_444<false>.12|  return value|
|srcLayer2Yuv422_dout                            |   in|   48|     ap_fifo|                  srcLayer2Yuv422|       pointer|
|srcLayer2Yuv422_empty_n                         |   in|    1|     ap_fifo|                  srcLayer2Yuv422|       pointer|
|srcLayer2Yuv422_read                            |  out|    1|     ap_fifo|                  srcLayer2Yuv422|       pointer|
|srcLayer2Yuv422_num_data_valid                  |   in|    3|     ap_fifo|                  srcLayer2Yuv422|       pointer|
|srcLayer2Yuv422_fifo_cap                        |   in|    3|     ap_fifo|                  srcLayer2Yuv422|       pointer|
|HwReg_layerHeight_2_val_dout                    |   in|   16|     ap_fifo|          HwReg_layerHeight_2_val|       pointer|
|HwReg_layerHeight_2_val_empty_n                 |   in|    1|     ap_fifo|          HwReg_layerHeight_2_val|       pointer|
|HwReg_layerHeight_2_val_read                    |  out|    1|     ap_fifo|          HwReg_layerHeight_2_val|       pointer|
|HwReg_layerHeight_2_val_num_data_valid          |   in|    3|     ap_fifo|          HwReg_layerHeight_2_val|       pointer|
|HwReg_layerHeight_2_val_fifo_cap                |   in|    3|     ap_fifo|          HwReg_layerHeight_2_val|       pointer|
|HwReg_layerWidth_2_val_dout                     |   in|   16|     ap_fifo|           HwReg_layerWidth_2_val|       pointer|
|HwReg_layerWidth_2_val_empty_n                  |   in|    1|     ap_fifo|           HwReg_layerWidth_2_val|       pointer|
|HwReg_layerWidth_2_val_read                     |  out|    1|     ap_fifo|           HwReg_layerWidth_2_val|       pointer|
|HwReg_layerWidth_2_val_num_data_valid           |   in|    3|     ap_fifo|           HwReg_layerWidth_2_val|       pointer|
|HwReg_layerWidth_2_val_fifo_cap                 |   in|    3|     ap_fifo|           HwReg_layerWidth_2_val|       pointer|
|HwReg_layerEnableFlag_2_val_dout                |   in|    1|     ap_fifo|      HwReg_layerEnableFlag_2_val|       pointer|
|HwReg_layerEnableFlag_2_val_empty_n             |   in|    1|     ap_fifo|      HwReg_layerEnableFlag_2_val|       pointer|
|HwReg_layerEnableFlag_2_val_read                |  out|    1|     ap_fifo|      HwReg_layerEnableFlag_2_val|       pointer|
|HwReg_layerEnableFlag_2_val_num_data_valid      |   in|    3|     ap_fifo|      HwReg_layerEnableFlag_2_val|       pointer|
|HwReg_layerEnableFlag_2_val_fifo_cap            |   in|    3|     ap_fifo|      HwReg_layerEnableFlag_2_val|       pointer|
|srcLayer2Yuv_din                                |  out|   48|     ap_fifo|                     srcLayer2Yuv|       pointer|
|srcLayer2Yuv_full_n                             |   in|    1|     ap_fifo|                     srcLayer2Yuv|       pointer|
|srcLayer2Yuv_write                              |  out|    1|     ap_fifo|                     srcLayer2Yuv|       pointer|
|srcLayer2Yuv_num_data_valid                     |   in|   32|     ap_fifo|                     srcLayer2Yuv|       pointer|
|srcLayer2Yuv_fifo_cap                           |   in|   32|     ap_fifo|                     srcLayer2Yuv|       pointer|
|HwReg_layerEnableFlag_2_val_c30_din             |  out|    1|     ap_fifo|  HwReg_layerEnableFlag_2_val_c30|       pointer|
|HwReg_layerEnableFlag_2_val_c30_full_n          |   in|    1|     ap_fifo|  HwReg_layerEnableFlag_2_val_c30|       pointer|
|HwReg_layerEnableFlag_2_val_c30_write           |  out|    1|     ap_fifo|  HwReg_layerEnableFlag_2_val_c30|       pointer|
|HwReg_layerEnableFlag_2_val_c30_num_data_valid  |   in|    3|     ap_fifo|  HwReg_layerEnableFlag_2_val_c30|       pointer|
|HwReg_layerEnableFlag_2_val_c30_fifo_cap        |   in|    3|     ap_fifo|  HwReg_layerEnableFlag_2_val_c30|       pointer|
|HwReg_layerWidth_2_val_c44_din                  |  out|   16|     ap_fifo|       HwReg_layerWidth_2_val_c44|       pointer|
|HwReg_layerWidth_2_val_c44_full_n               |   in|    1|     ap_fifo|       HwReg_layerWidth_2_val_c44|       pointer|
|HwReg_layerWidth_2_val_c44_write                |  out|    1|     ap_fifo|       HwReg_layerWidth_2_val_c44|       pointer|
|HwReg_layerWidth_2_val_c44_num_data_valid       |   in|    3|     ap_fifo|       HwReg_layerWidth_2_val_c44|       pointer|
|HwReg_layerWidth_2_val_c44_fifo_cap             |   in|    3|     ap_fifo|       HwReg_layerWidth_2_val_c44|       pointer|
|HwReg_layerHeight_2_val_c60_din                 |  out|   16|     ap_fifo|      HwReg_layerHeight_2_val_c60|       pointer|
|HwReg_layerHeight_2_val_c60_full_n              |   in|    1|     ap_fifo|      HwReg_layerHeight_2_val_c60|       pointer|
|HwReg_layerHeight_2_val_c60_write               |  out|    1|     ap_fifo|      HwReg_layerHeight_2_val_c60|       pointer|
|HwReg_layerHeight_2_val_c60_num_data_valid      |   in|    3|     ap_fifo|      HwReg_layerHeight_2_val_c60|       pointer|
|HwReg_layerHeight_2_val_c60_fifo_cap            |   in|    3|     ap_fifo|      HwReg_layerHeight_2_val_c60|       pointer|
+------------------------------------------------+-----+-----+------------+---------------------------------+--------------+

