

================================================================
== Vitis HLS Report for 'v_mix_core_alpha_false_false_22_Pipeline_VITIS_LOOP_465_3'
================================================================
* Date:           Mon Apr 27 12:26:56 2026

* Version:        2024.2 (Build 5238294 on Nov  8 2024)
* Project:        prj
* Solution:       sol (Vivado IP Flow Target)
* Product family: zynquplus
* Target device:  xck26-sfvc784-2LV-c


================================================================
== Performance Estimates
================================================================
+ Timing: 
    * Summary: 
    +--------+---------+----------+------------+
    |  Clock |  Target | Estimated| Uncertainty|
    +--------+---------+----------+------------+
    |ap_clk  |  6.67 ns|  4.103 ns|     1.80 ns|
    +--------+---------+----------+------------+

+ Latency: 
    * Summary: 
    +---------+---------+----------+-----------+-----+------+------------------------------------------------+
    |  Latency (cycles) |  Latency (absolute)  |  Interval  |                    Pipeline                    |
    |   min   |   max   |    min   |    max    | min |  max |                      Type                      |
    +---------+---------+----------+-----------+-----+------+------------------------------------------------+
    |       34|     1922|  0.227 us|  12.814 us|   33|  1921|  loop auto-rewind stp (delay=0 clock cycles(s))|
    +---------+---------+----------+-----------+-----+------+------------------------------------------------+

    + Detail: 
        * Instance: 
        N/A

        * Loop: 
        +--------------------+---------+---------+----------+-----------+-----------+-----------+----------+
        |                    |  Latency (cycles) | Iteration|  Initiation Interval  |    Trip   |          |
        |      Loop Name     |   min   |   max   |  Latency |  achieved |   target  |   Count   | Pipelined|
        +--------------------+---------+---------+----------+-----------+-----------+-----------+----------+
        |- VITIS_LOOP_465_3  |       32|     1920|         2|          1|          1|  32 ~ 1920|       yes|
        +--------------------+---------+---------+----------+-----------+-----------+-----------+----------+



================================================================
== Utilization Estimates
================================================================
* Summary: 
+-----------------+---------+------+--------+--------+-----+
|       Name      | BRAM_18K|  DSP |   FF   |   LUT  | URAM|
+-----------------+---------+------+--------+--------+-----+
|DSP              |        -|     -|       -|       -|    -|
|Expression       |        -|     -|       0|      97|    -|
|FIFO             |        -|     -|       -|       -|    -|
|Instance         |        -|     -|       -|       -|    -|
|Memory           |        -|     -|       -|       -|    -|
|Multiplexer      |        -|     -|       0|     147|    -|
|Register         |        -|     -|      16|       -|    -|
+-----------------+---------+------+--------+--------+-----+
|Total            |        0|     0|      16|     244|    0|
+-----------------+---------+------+--------+--------+-----+
|Available        |      288|  1248|  234240|  117120|   64|
+-----------------+---------+------+--------+--------+-----+
|Utilization (%)  |        0|     0|      ~0|      ~0|    0|
+-----------------+---------+------+--------+--------+-----+

+ Detail: 
    * Instance: 
    N/A

    * DSP: 
    N/A

    * Memory: 
    N/A

    * FIFO: 
    N/A

    * Expression: 
    +---------------------------------------+----------+----+---+----+------------+------------+
    |             Variable Name             | Operation| DSP| FF| LUT| Bitwidth P0| Bitwidth P1|
    +---------------------------------------+----------+----+---+----+------------+------------+
    |add_ln465_fu_225_p2                    |         +|   0|  0|  18|          11|           1|
    |and_ln476_1_fu_269_p2                  |       and|   0|  0|   2|           1|           1|
    |and_ln476_2_fu_263_p2                  |       and|   0|  0|   2|           1|           1|
    |and_ln476_fu_257_p2                    |       and|   0|  0|   2|           1|           1|
    |ap_block_pp0_stage0_01001_grp1         |       and|   0|  0|   2|           1|           1|
    |ap_predicate_op42_read_state2          |       and|   0|  0|   2|           1|           1|
    |icmp_ln465_fu_219_p2                   |      icmp|   0|  0|  18|          11|          11|
    |icmp_ln477_fu_239_p2                   |      icmp|   0|  0|  22|          15|          15|
    |icmp_ln478_fu_251_p2                   |      icmp|   0|  0|  23|          16|          16|
    |ap_block_state2_pp0_stage0_iter1_grp1  |        or|   0|  0|   2|           1|           1|
    |ap_enable_pp0                          |       xor|   0|  0|   2|           1|           2|
    |xor_ln477_fu_245_p2                    |       xor|   0|  0|   2|           1|           2|
    +---------------------------------------+----------+----+---+----+------------+------------+
    |Total                                  |          |   0|  0|  97|          61|          53|
    +---------------------------------------+----------+----+---+----+------------+------------+

    * Multiplexer: 
    +----------------------------------------+----+-----------+-----+-----------+
    |                  Name                  | LUT| Input Size| Bits| Total Bits|
    +----------------------------------------+----+-----------+-----+-----------+
    |ap_done_int                             |   9|          2|    1|          2|
    |ap_enable_reg_pp0_iter1                 |   9|          2|    1|          2|
    |ap_phi_mux_p_0_0_014_phi_fu_203_p6      |  14|          3|    8|         24|
    |ap_phi_mux_p_0_0_0_11016_phi_fu_192_p6  |  14|          3|    8|         24|
    |ap_phi_mux_p_0_0_0_120_phi_fu_170_p6    |  14|          3|    8|         24|
    |ap_phi_mux_p_0_0_0_1_122_phi_fu_159_p6  |  14|          3|    8|         24|
    |ap_phi_mux_p_0_0_0_1_224_phi_fu_148_p6  |  14|          3|    8|         24|
    |ap_phi_mux_p_0_0_0_218_phi_fu_181_p6    |  14|          3|    8|         24|
    |ap_sig_allocacmp_x_12                   |   9|          2|   11|         22|
    |outLayer3_blk_n                         |   9|          2|    1|          2|
    |outLayer4_blk_n                         |   9|          2|    1|          2|
    |srcLayer4x_blk_n                        |   9|          2|    1|          2|
    |x_fu_86                                 |   9|          2|   11|         22|
    +----------------------------------------+----+-----------+-----+-----------+
    |Total                                   | 147|         32|   75|        198|
    +----------------------------------------+----+-----------+-----+-----------+

    * Register: 
    +-------------------------+----+----+-----+-----------+
    |           Name          | FF | LUT| Bits| Const Bits|
    +-------------------------+----+----+-----+-----------+
    |and_ln476_1_reg_438      |   1|   0|    1|          0|
    |ap_CS_fsm                |   1|   0|    1|          0|
    |ap_done_reg              |   1|   0|    1|          0|
    |ap_enable_reg_pp0_iter1  |   1|   0|    1|          0|
    |icmp_ln465_reg_434       |   1|   0|    1|          0|
    |x_fu_86                  |  11|   0|   11|          0|
    +-------------------------+----+----+-----+-----------+
    |Total                    |  16|   0|   16|          0|
    +-------------------------+----+----+-----+-----------+



================================================================
== Interface
================================================================
* Summary: 
+---------------------------+-----+-----+------------+-------------------------------------------------------------+--------------+
|         RTL Ports         | Dir | Bits|  Protocol  |                        Source Object                        |    C Type    |
+---------------------------+-----+-----+------------+-------------------------------------------------------------+--------------+
|ap_clk                     |   in|    1|  ap_ctrl_hs|  v_mix_core_alpha<false, false>.22_Pipeline_VITIS_LOOP_465_3|  return value|
|ap_rst                     |   in|    1|  ap_ctrl_hs|  v_mix_core_alpha<false, false>.22_Pipeline_VITIS_LOOP_465_3|  return value|
|ap_start                   |   in|    1|  ap_ctrl_hs|  v_mix_core_alpha<false, false>.22_Pipeline_VITIS_LOOP_465_3|  return value|
|ap_done                    |  out|    1|  ap_ctrl_hs|  v_mix_core_alpha<false, false>.22_Pipeline_VITIS_LOOP_465_3|  return value|
|ap_idle                    |  out|    1|  ap_ctrl_hs|  v_mix_core_alpha<false, false>.22_Pipeline_VITIS_LOOP_465_3|  return value|
|ap_ready                   |  out|    1|  ap_ctrl_hs|  v_mix_core_alpha<false, false>.22_Pipeline_VITIS_LOOP_465_3|  return value|
|outLayer3_dout             |   in|   48|     ap_fifo|                                                    outLayer3|       pointer|
|outLayer3_empty_n          |   in|    1|     ap_fifo|                                                    outLayer3|       pointer|
|outLayer3_read             |  out|    1|     ap_fifo|                                                    outLayer3|       pointer|
|outLayer3_num_data_valid   |   in|    3|     ap_fifo|                                                    outLayer3|       pointer|
|outLayer3_fifo_cap         |   in|    3|     ap_fifo|                                                    outLayer3|       pointer|
|srcLayer4x_dout            |   in|   48|     ap_fifo|                                                   srcLayer4x|       pointer|
|srcLayer4x_empty_n         |   in|    1|     ap_fifo|                                                   srcLayer4x|       pointer|
|srcLayer4x_read            |  out|    1|     ap_fifo|                                                   srcLayer4x|       pointer|
|srcLayer4x_num_data_valid  |   in|    3|     ap_fifo|                                                   srcLayer4x|       pointer|
|srcLayer4x_fifo_cap        |   in|    3|     ap_fifo|                                                   srcLayer4x|       pointer|
|outLayer4_din              |  out|   48|     ap_fifo|                                                    outLayer4|       pointer|
|outLayer4_full_n           |   in|    1|     ap_fifo|                                                    outLayer4|       pointer|
|outLayer4_write            |  out|    1|     ap_fifo|                                                    outLayer4|       pointer|
|outLayer4_num_data_valid   |   in|   32|     ap_fifo|                                                    outLayer4|       pointer|
|outLayer4_fifo_cap         |   in|   32|     ap_fifo|                                                    outLayer4|       pointer|
|div_cast                   |   in|   11|   ap_stable|                                                     div_cast|        scalar|
|div65_cast                 |   in|   15|     ap_none|                                                   div65_cast|        scalar|
|div72_cast                 |   in|   16|     ap_none|                                                   div72_cast|        scalar|
|cmp61                      |   in|    1|     ap_none|                                                        cmp61|        scalar|
|rev5                       |   in|    1|     ap_none|                                                         rev5|        scalar|
|empty                      |   in|    1|     ap_none|                                                        empty|        scalar|
+---------------------------+-----+-----+------------+-------------------------------------------------------------+--------------+

